// Jest Snapshot v1, https://goo.gl/fbAQLP

exports[`<Input /> renders component correctly 1`] = `
.c0 {
  font-size: 16px;
  padding: 10px;
  border-radius: 8px;
  border: 1px solid #bdbdbd;
  outline: none;
}

<div>
  <input
    class="c0"
    placeholder="할 일 입력"
    value="default value"
  />
</div>
`;
